2026-09-30 18:02:16,752 [INFO] [MainThread] [root/log.py:103]: YASB v2.0.7
2026-09-30 18:02:16,752 [INFO] [CLIPipeServer] [cli_server/cli_server.py:216]: CLI server started v1.1.7
2026-09-30 18:02:16,753 [INFO] [MainThread] [cli_server/cli_server.py:106]: Log pipe server started
2026-09-30 18:04:12,578 [INFO] [MainThread] [root/welcome.py:867]: Created config file at C:\Users\lucas\.config\yasb\config.yaml
2026-09-30 18:04:12,579 [INFO] [MainThread] [root/welcome.py:876]: Created styles file at C:\Users\lucas\.config\yasb\styles.css
2026-09-30 18:04:13,874 [INFO] [MainThread] [root/service.py:52]: AudioOutputService starting...
2026-09-30 18:04:14,707 [INFO] [MainThread] [root/bar_manager.py:103]: Starting SystemEventListener...
2026-09-30 18:04:14,708 [INFO] [MainThread] [root/bar_manager.py:103]: Starting WindowsNotificationEventListener...
2026-09-30 18:04:14,709 [INFO] [MainThread] [root/bar_manager.py:103]: Starting KomorebiEventListener...
2026-09-30 18:04:14,710 [INFO] [MainThread] [root/watcher.py:65]: Watching directory: c:\users\lucas\.config\yasb
2026-09-30 18:04:14,710 [INFO] [MainThread] [root/watcher.py:104]: Created file watcher
2026-09-30 18:04:14,773 [INFO] [Dummy-6] [root/event_listener.py:54]: Created named pipe yasb-e8d8ed53-bcad-11f1-8913-0072eeac95f8
2026-09-30 18:04:14,779 [INFO] [MainThread] [root/update_service.py:434]: Background update checker started
2026-09-30 18:04:14,873 [INFO] [Dummy-7] [root/windows_notification.py:161]: Notification service started (WNF_SHEL_NOTIFICATION_TOTAL)
2026-09-30 18:04:14,937 [INFO] [Dummy-6] [root/event_listener.py:147]: Komorebi connected to named pipe: yasb-e8d8ed53-bcad-11f1-8913-0072eeac95f8
2026-09-30 18:07:15,241 [INFO] [CLIPipeServer] [cli_server/cli_server.py:257]: CLI server received command: stop
2026-09-30 18:07:15,242 [INFO] [CLIPipeServer] [root/controller.py:43]: Exiting Application from CLI...
2026-09-30 18:07:15,348 [INFO] [CLIPipeServer] [cli_server/cli_server.py:114]: Log pipe server stopped
2026-09-30 18:07:15,534 [INFO] [MainThread] [root/bar_manager.py:119]: Stopping SystemEventListener...
2026-09-30 18:07:15,536 [INFO] [MainThread] [root/bar_manager.py:119]: Stopping WindowsNotificationEventListener...
2026-09-30 18:07:15,537 [INFO] [Dummy-7] [root/windows_notification.py:97]: Notification service stopped
2026-09-30 18:07:15,541 [INFO] [MainThread] [root/bar_manager.py:119]: Stopping KomorebiEventListener...
2026-09-30 18:07:16,409 [INFO] [MainThread] [root/log.py:103]: YASB v2.0.7
2026-09-30 18:07:16,409 [INFO] [CLIPipeServer] [cli_server/cli_server.py:216]: CLI server started v1.1.7
2026-09-30 18:07:16,410 [INFO] [MainThread] [cli_server/cli_server.py:106]: Log pipe server started
2026-09-30 18:07:16,444 [ERROR] [MainThread] [root/css_processor.py:47]: CSSProcessor Error 'C:\Users\lucas\.config\yasb\yasb_colors.css': [Errno 2] No such file or directory: 'C:\\Users\\lucas\\.config\\yasb\\yasb_colors.css'
2026-09-30 18:07:17,149 [INFO] [yasb-audio-visualizer] [root/loopback.py:728]: Audio visualizer: loopback capture open (48000 Hz, 2 ch, 32-bit float)
2026-09-30 18:07:17,174 [INFO] [MainThread] [root/service.py:52]: AudioOutputService starting...
2026-09-30 18:07:17,221 [INFO] [SystrayHook] [systray_hook/systray_hook.py:193]: Injecting into Explorer (PID: 17164)
2026-09-30 18:07:17,316 [INFO] [MainThread] [root/service.py:225]: BrightnessService started with 2 monitors
2026-09-30 18:07:17,325 [INFO] [MainThread] [root/service.py:41]: AudioInputService starting...
2026-09-30 18:07:17,912 [INFO] [MainThread] [root/bar_manager.py:242]: Starting HotkeyListener...
2026-09-30 18:07:17,913 [INFO] [MainThread] [root/bar_manager.py:103]: Starting WindowsNotificationEventListener...
2026-09-30 18:07:17,913 [INFO] [MainThread] [root/bar_manager.py:103]: Starting SystemEventListener...
2026-09-30 18:07:17,913 [INFO] [MainThread] [root/bar_manager.py:103]: Starting KomorebiEventListener...
2026-09-30 18:07:17,914 [ERROR] [MainThread] [root/css_processor.py:47]: CSSProcessor Error 'c:\users\lucas\.config\yasb\yasb_colors.css': [Errno 2] No such file or directory: 'c:\\users\\lucas\\.config\\yasb\\yasb_colors.css'
2026-09-30 18:07:17,915 [INFO] [MainThread] [root/watcher.py:65]: Watching directory: c:\users\lucas\.config\yasb
2026-09-30 18:07:17,915 [INFO] [MainThread] [root/watcher.py:104]: Created file watcher
2026-09-30 18:07:17,931 [WARNING] [Dummy-11] [root/hotkeys.py:201]: Failed to register hotkey alt+space - it may be in use by another application.
2026-09-30 18:07:17,932 [INFO] [Dummy-12] [root/event_listener.py:54]: Created named pipe yasb-560bbd35-bcae-11f1-b110-0072eeac95f8
2026-09-30 18:07:17,938 [INFO] [MainThread] [system_colors/system_colors.py:59]: System Colors Service started.
2026-09-30 18:07:18,520 [INFO] [Dummy-13] [root/windows_notification.py:161]: Notification service started (WNF_SHEL_NOTIFICATION_TOTAL)
2026-09-30 18:07:18,528 [INFO] [MainThread] [root/update_service.py:434]: Background update checker started
2026-09-30 18:07:18,540 [INFO] [Dummy-12] [root/event_listener.py:147]: Komorebi connected to named pipe: yasb-560bbd35-bcae-11f1-b110-0072eeac95f8
2026-09-30 18:12:12,303 [INFO] [MainThread] [root/controller.py:21]: Reloading Application because of config change.
2026-09-30 18:12:12,404 [INFO] [MainThread] [cli_server/cli_server.py:114]: Log pipe server stopped
2026-09-30 18:12:12,418 [INFO] [MainThread] [root/bar_manager.py:93]: Successfully loaded updated config and re-initialised all bars.
2026-09-30 18:12:12,561 [INFO] [MainThread] [root/bar_manager.py:111]: Stopping HotkeyListener...
2026-09-30 18:12:12,562 [INFO] [MainThread] [root/bar_manager.py:119]: Stopping WindowsNotificationEventListener...
2026-09-30 18:12:12,563 [INFO] [Dummy-13] [root/windows_notification.py:97]: Notification service stopped
2026-09-30 18:12:12,564 [INFO] [MainThread] [root/bar_manager.py:119]: Stopping SystemEventListener...
2026-09-30 18:12:12,564 [INFO] [MainThread] [root/bar_manager.py:119]: Stopping KomorebiEventListener...
2026-09-30 18:12:12,633 [INFO] [MainThread] [system_colors/system_colors.py:69]: System Colors Service stopped.
2026-09-30 18:12:13,107 [INFO] [MainThread] [root/log.py:103]: YASB v2.0.7
2026-09-30 18:12:13,108 [INFO] [CLIPipeServer] [cli_server/cli_server.py:216]: CLI server started v1.1.7
2026-09-30 18:12:13,108 [INFO] [MainThread] [cli_server/cli_server.py:106]: Log pipe server started
2026-09-30 18:12:13,635 [INFO] [yasb-audio-visualizer] [root/loopback.py:728]: Audio visualizer: loopback capture open (48000 Hz, 2 ch, 32-bit float)
2026-09-30 18:12:13,723 [INFO] [MainThread] [root/service.py:52]: AudioOutputService starting...
2026-09-30 18:12:13,762 [INFO] [SystrayHook] [systray_hook/systray_hook.py:193]: Injecting into Explorer (PID: 17164)
2026-09-30 18:12:13,860 [INFO] [MainThread] [root/service.py:225]: BrightnessService started with 2 monitors
2026-09-30 18:12:13,867 [INFO] [MainThread] [root/service.py:41]: AudioInputService starting...
2026-09-30 18:12:14,386 [WARNING] [MainThread] [root/widget_builder.py:36]: Ignoring construction of invalid widget 'komorebi_workspaces'
2026-09-30 18:12:14,507 [INFO] [MainThread] [root/bar_manager.py:242]: Starting HotkeyListener...
2026-09-30 18:12:14,507 [INFO] [MainThread] [root/bar_manager.py:103]: Starting SystemEventListener...
2026-09-30 18:12:14,507 [INFO] [MainThread] [root/bar_manager.py:103]: Starting WindowsNotificationEventListener...
2026-09-30 18:12:14,508 [INFO] [MainThread] [root/bar_manager.py:103]: Starting KomorebiEventListener...
2026-09-30 18:12:14,508 [ERROR] [MainThread] [root/widget_builder.py:114]: Failed to validate widget(s) due to invalid options  - komorebi_workspaces
      workspace_labels:
      - Extra inputs are not permitted
      
2026-09-30 18:12:14,525 [INFO] [Dummy-10] [root/event_listener.py:54]: Created named pipe yasb-06d472c9-bcaf-11f1-a4e4-0072eeac95f8
2026-09-30 18:12:14,526 [WARNING] [Dummy-9] [root/hotkeys.py:201]: Failed to register hotkey alt+space - it may be in use by another application.
2026-09-30 18:12:14,550 [INFO] [MainThread] [root/watcher.py:65]: Watching directory: c:\users\lucas\.config\yasb
2026-09-30 18:12:14,550 [INFO] [MainThread] [root/watcher.py:104]: Created file watcher
2026-09-30 18:12:14,558 [INFO] [MainThread] [system_colors/system_colors.py:59]: System Colors Service started.
2026-09-30 18:12:15,090 [INFO] [Dummy-11] [root/windows_notification.py:161]: Notification service started (WNF_SHEL_NOTIFICATION_TOTAL)
2026-09-30 18:12:15,101 [INFO] [Dummy-10] [root/event_listener.py:147]: Komorebi connected to named pipe: yasb-06d472c9-bcaf-11f1-a4e4-0072eeac95f8
2026-09-30 18:12:15,132 [INFO] [MainThread] [root/update_service.py:434]: Background update checker started
2026-09-30 18:14:00,281 [INFO] [MainThread] [root/controller.py:21]: Reloading Application because of config change.
2026-09-30 18:14:00,393 [INFO] [MainThread] [cli_server/cli_server.py:114]: Log pipe server stopped
2026-09-30 18:14:00,407 [INFO] [MainThread] [root/bar_manager.py:93]: Successfully loaded updated config and re-initialised all bars.
2026-09-30 18:14:00,534 [INFO] [MainThread] [root/bar_manager.py:111]: Stopping HotkeyListener...
2026-09-30 18:14:00,535 [INFO] [MainThread] [root/bar_manager.py:119]: Stopping SystemEventListener...
2026-09-30 18:14:00,535 [INFO] [MainThread] [root/bar_manager.py:119]: Stopping WindowsNotificationEventListener...
2026-09-30 18:14:00,536 [INFO] [Dummy-11] [root/windows_notification.py:97]: Notification service stopped
2026-09-30 18:14:00,536 [INFO] [MainThread] [root/bar_manager.py:119]: Stopping KomorebiEventListener...
2026-09-30 18:14:00,611 [INFO] [MainThread] [system_colors/system_colors.py:69]: System Colors Service stopped.
2026-09-30 18:14:01,086 [INFO] [MainThread] [root/log.py:103]: YASB v2.0.7
2026-09-30 18:14:01,087 [INFO] [CLIPipeServer] [cli_server/cli_server.py:216]: CLI server started v1.1.7
2026-09-30 18:14:01,087 [INFO] [MainThread] [cli_server/cli_server.py:106]: Log pipe server started
2026-09-30 18:14:01,611 [INFO] [yasb-audio-visualizer] [root/loopback.py:728]: Audio visualizer: loopback capture open (48000 Hz, 2 ch, 32-bit float)
2026-09-30 18:14:01,716 [INFO] [MainThread] [root/service.py:52]: AudioOutputService starting...
2026-09-30 18:14:01,764 [INFO] [SystrayHook] [systray_hook/systray_hook.py:193]: Injecting into Explorer (PID: 17164)
2026-09-30 18:14:01,849 [INFO] [MainThread] [root/service.py:225]: BrightnessService started with 2 monitors
2026-09-30 18:14:01,856 [INFO] [MainThread] [root/service.py:41]: AudioInputService starting...
2026-09-30 18:14:02,479 [INFO] [MainThread] [root/bar_manager.py:242]: Starting HotkeyListener...
2026-09-30 18:14:02,479 [INFO] [MainThread] [root/bar_manager.py:103]: Starting WindowsNotificationEventListener...
2026-09-30 18:14:02,479 [INFO] [MainThread] [root/bar_manager.py:103]: Starting KomorebiEventListener...
2026-09-30 18:14:02,480 [INFO] [MainThread] [root/bar_manager.py:103]: Starting SystemEventListener...
2026-09-30 18:14:02,484 [INFO] [MainThread] [root/watcher.py:65]: Watching directory: c:\users\lucas\.config\yasb
2026-09-30 18:14:02,484 [INFO] [MainThread] [root/watcher.py:104]: Created file watcher
2026-09-30 18:14:02,496 [WARNING] [Dummy-11] [root/hotkeys.py:201]: Failed to register hotkey alt+space - it may be in use by another application.
2026-09-30 18:14:02,497 [INFO] [Dummy-13] [root/event_listener.py:54]: Created named pipe yasb-472fa572-bcaf-11f1-804e-0072eeac95f8
2026-09-30 18:14:02,506 [INFO] [MainThread] [system_colors/system_colors.py:59]: System Colors Service started.
2026-09-30 18:14:03,165 [INFO] [Dummy-12] [root/windows_notification.py:161]: Notification service started (WNF_SHEL_NOTIFICATION_TOTAL)
2026-09-30 18:14:03,171 [INFO] [MainThread] [root/update_service.py:434]: Background update checker started
2026-09-30 18:14:03,185 [INFO] [Dummy-13] [root/event_listener.py:147]: Komorebi connected to named pipe: yasb-472fa572-bcaf-11f1-804e-0072eeac95f8
2026-09-30 18:15:31,099 [INFO] [MainThread] [root/controller.py:21]: Reloading Application because of config change.
2026-09-30 18:15:31,210 [INFO] [MainThread] [cli_server/cli_server.py:114]: Log pipe server stopped
2026-09-30 18:15:31,220 [INFO] [MainThread] [root/bar_manager.py:93]: Successfully loaded updated config and re-initialised all bars.
2026-09-30 18:15:31,342 [INFO] [MainThread] [root/bar_manager.py:111]: Stopping HotkeyListener...
2026-09-30 18:15:31,344 [INFO] [MainThread] [root/bar_manager.py:119]: Stopping WindowsNotificationEventListener...
2026-09-30 18:15:31,344 [INFO] [Dummy-12] [root/windows_notification.py:97]: Notification service stopped
2026-09-30 18:15:31,345 [INFO] [MainThread] [root/bar_manager.py:119]: Stopping KomorebiEventListener...
2026-09-30 18:15:31,369 [INFO] [MainThread] [root/bar_manager.py:119]: Stopping SystemEventListener...
2026-09-30 18:15:31,416 [INFO] [MainThread] [system_colors/system_colors.py:69]: System Colors Service stopped.
2026-09-30 18:15:31,973 [INFO] [MainThread] [root/log.py:103]: YASB v2.0.7
2026-09-30 18:15:31,975 [INFO] [CLIPipeServer] [cli_server/cli_server.py:216]: CLI server started v1.1.7
2026-09-30 18:15:31,977 [INFO] [MainThread] [cli_server/cli_server.py:106]: Log pipe server started
2026-09-30 18:15:32,505 [INFO] [yasb-audio-visualizer] [root/loopback.py:728]: Audio visualizer: loopback capture open (48000 Hz, 2 ch, 32-bit float)
2026-09-30 18:15:32,565 [INFO] [MainThread] [root/service.py:52]: AudioOutputService starting...
2026-09-30 18:15:32,603 [INFO] [SystrayHook] [systray_hook/systray_hook.py:193]: Injecting into Explorer (PID: 17164)
2026-09-30 18:15:32,705 [INFO] [MainThread] [root/service.py:225]: BrightnessService started with 2 monitors
2026-09-30 18:15:32,715 [INFO] [MainThread] [root/service.py:41]: AudioInputService starting...
2026-09-30 18:15:33,234 [INFO] [MainThread] [root/bar_manager.py:242]: Starting HotkeyListener...
2026-09-30 18:15:33,234 [INFO] [MainThread] [root/bar_manager.py:103]: Starting WindowsNotificationEventListener...
2026-09-30 18:15:33,235 [INFO] [MainThread] [root/bar_manager.py:103]: Starting SystemEventListener...
2026-09-30 18:15:33,235 [INFO] [MainThread] [root/bar_manager.py:103]: Starting KomorebiEventListener...
2026-09-30 18:15:33,237 [INFO] [MainThread] [root/watcher.py:65]: Watching directory: c:\users\lucas\.config\yasb
2026-09-30 18:15:33,237 [INFO] [MainThread] [root/watcher.py:104]: Created file watcher
2026-09-30 18:15:33,258 [INFO] [Dummy-11] [root/event_listener.py:54]: Created named pipe yasb-7d47d644-bcaf-11f1-9469-0072eeac95f8
2026-09-30 18:15:33,261 [WARNING] [Dummy-12] [root/hotkeys.py:201]: Failed to register hotkey alt+space - it may be in use by another application.
2026-09-30 18:15:33,261 [INFO] [MainThread] [system_colors/system_colors.py:59]: System Colors Service started.
2026-09-30 18:15:33,901 [INFO] [MainThread] [root/update_service.py:434]: Background update checker started
2026-09-30 18:15:33,918 [INFO] [Dummy-13] [root/windows_notification.py:161]: Notification service started (WNF_SHEL_NOTIFICATION_TOTAL)
2026-09-30 18:15:33,920 [INFO] [Dummy-11] [root/event_listener.py:147]: Komorebi connected to named pipe: yasb-7d47d644-bcaf-11f1-9469-0072eeac95f8
2026-09-30 18:17:09,521 [INFO] [MainThread] [root/controller.py:21]: Reloading Application because of config change.
2026-09-30 18:17:09,626 [INFO] [MainThread] [cli_server/cli_server.py:114]: Log pipe server stopped
2026-09-30 18:17:09,642 [INFO] [MainThread] [root/bar_manager.py:93]: Successfully loaded updated config and re-initialised all bars.
2026-09-30 18:17:09,766 [INFO] [MainThread] [root/bar_manager.py:111]: Stopping HotkeyListener...
2026-09-30 18:17:09,767 [INFO] [MainThread] [root/bar_manager.py:119]: Stopping WindowsNotificationEventListener...
2026-09-30 18:17:09,768 [INFO] [Dummy-13] [root/windows_notification.py:97]: Notification service stopped
2026-09-30 18:17:09,769 [INFO] [MainThread] [root/bar_manager.py:119]: Stopping SystemEventListener...
2026-09-30 18:17:09,770 [INFO] [MainThread] [root/bar_manager.py:119]: Stopping KomorebiEventListener...
2026-09-30 18:17:09,804 [INFO] [MainThread] [system_colors/system_colors.py:69]: System Colors Service stopped.
2026-09-30 18:17:10,309 [INFO] [MainThread] [root/log.py:103]: YASB v2.0.7
2026-09-30 18:17:10,309 [INFO] [CLIPipeServer] [cli_server/cli_server.py:216]: CLI server started v1.1.7
2026-09-30 18:17:10,310 [INFO] [MainThread] [cli_server/cli_server.py:106]: Log pipe server started
2026-09-30 18:17:10,825 [INFO] [yasb-audio-visualizer] [root/loopback.py:728]: Audio visualizer: loopback capture open (48000 Hz, 2 ch, 32-bit float)
2026-09-30 18:17:10,880 [INFO] [MainThread] [root/service.py:52]: AudioOutputService starting...
2026-09-30 18:17:10,935 [INFO] [SystrayHook] [systray_hook/systray_hook.py:193]: Injecting into Explorer (PID: 17164)
2026-09-30 18:17:11,034 [INFO] [MainThread] [root/service.py:225]: BrightnessService started with 2 monitors
2026-09-30 18:17:11,041 [INFO] [MainThread] [root/service.py:41]: AudioInputService starting...
2026-09-30 18:17:11,538 [INFO] [MainThread] [root/bar_manager.py:242]: Starting HotkeyListener...
2026-09-30 18:17:11,539 [INFO] [MainThread] [root/bar_manager.py:103]: Starting SystemEventListener...
2026-09-30 18:17:11,539 [INFO] [MainThread] [root/bar_manager.py:103]: Starting KomorebiEventListener...
2026-09-30 18:17:11,540 [INFO] [MainThread] [root/bar_manager.py:103]: Starting WindowsNotificationEventListener...
2026-09-30 18:17:11,543 [INFO] [MainThread] [root/watcher.py:65]: Watching directory: c:\users\lucas\.config\yasb
2026-09-30 18:17:11,544 [INFO] [MainThread] [root/watcher.py:104]: Created file watcher
2026-09-30 18:17:11,552 [WARNING] [Dummy-11] [root/hotkeys.py:201]: Failed to register hotkey alt+space - it may be in use by another application.
2026-09-30 18:17:11,567 [INFO] [Dummy-13] [root/event_listener.py:54]: Created named pipe yasb-b7dfeca9-bcaf-11f1-9a3f-0072eeac95f8
2026-09-30 18:17:11,577 [INFO] [MainThread] [system_colors/system_colors.py:59]: System Colors Service started.
2026-09-30 18:17:12,223 [INFO] [Dummy-12] [root/windows_notification.py:161]: Notification service started (WNF_SHEL_NOTIFICATION_TOTAL)
2026-09-30 18:17:12,232 [INFO] [MainThread] [root/update_service.py:434]: Background update checker started
2026-09-30 18:17:12,234 [INFO] [Dummy-13] [root/event_listener.py:147]: Komorebi connected to named pipe: yasb-b7dfeca9-bcaf-11f1-9a3f-0072eeac95f8
2026-09-30 18:17:43,174 [INFO] [MainThread] [root/controller.py:21]: Reloading Application because of config change.
2026-09-30 18:17:43,278 [INFO] [MainThread] [cli_server/cli_server.py:114]: Log pipe server stopped
2026-09-30 18:17:43,296 [INFO] [MainThread] [root/bar_manager.py:93]: Successfully loaded updated config and re-initialised all bars.
2026-09-30 18:17:43,444 [INFO] [MainThread] [root/bar_manager.py:111]: Stopping HotkeyListener...
2026-09-30 18:17:43,444 [INFO] [MainThread] [root/bar_manager.py:119]: Stopping SystemEventListener...
2026-09-30 18:17:43,446 [INFO] [MainThread] [root/bar_manager.py:119]: Stopping KomorebiEventListener...
2026-09-30 18:17:43,461 [INFO] [MainThread] [root/bar_manager.py:119]: Stopping WindowsNotificationEventListener...
2026-09-30 18:17:43,461 [INFO] [Dummy-12] [root/windows_notification.py:97]: Notification service stopped
2026-09-30 18:17:43,483 [INFO] [MainThread] [system_colors/system_colors.py:69]: System Colors Service stopped.
2026-09-30 18:17:43,929 [INFO] [MainThread] [root/log.py:103]: YASB v2.0.7
2026-09-30 18:17:43,930 [INFO] [CLIPipeServer] [cli_server/cli_server.py:216]: CLI server started v1.1.7
2026-09-30 18:17:43,930 [INFO] [MainThread] [cli_server/cli_server.py:106]: Log pipe server started
2026-09-30 18:17:44,444 [INFO] [yasb-audio-visualizer] [root/loopback.py:728]: Audio visualizer: loopback capture open (48000 Hz, 2 ch, 32-bit float)
2026-09-30 18:17:44,508 [INFO] [MainThread] [root/service.py:52]: AudioOutputService starting...
2026-09-30 18:17:44,570 [INFO] [SystrayHook] [systray_hook/systray_hook.py:193]: Injecting into Explorer (PID: 17164)
2026-09-30 18:17:44,663 [INFO] [MainThread] [root/service.py:225]: BrightnessService started with 2 monitors
2026-09-30 18:17:44,670 [INFO] [MainThread] [root/service.py:41]: AudioInputService starting...
2026-09-30 18:17:45,172 [INFO] [MainThread] [root/bar_manager.py:242]: Starting HotkeyListener...
2026-09-30 18:17:45,172 [INFO] [MainThread] [root/bar_manager.py:103]: Starting KomorebiEventListener...
2026-09-30 18:17:45,173 [INFO] [MainThread] [root/bar_manager.py:103]: Starting SystemEventListener...
2026-09-30 18:17:45,173 [INFO] [MainThread] [root/bar_manager.py:103]: Starting WindowsNotificationEventListener...
2026-09-30 18:17:45,177 [INFO] [MainThread] [root/watcher.py:65]: Watching directory: c:\users\lucas\.config\yasb
2026-09-30 18:17:45,178 [INFO] [MainThread] [root/watcher.py:104]: Created file watcher
2026-09-30 18:17:45,190 [INFO] [Dummy-11] [root/event_listener.py:54]: Created named pipe yasb-cbebea86-bcaf-11f1-a92b-0072eeac95f8
2026-09-30 18:17:45,192 [WARNING] [Dummy-12] [root/hotkeys.py:201]: Failed to register hotkey alt+space - it may be in use by another application.
2026-09-30 18:17:45,211 [INFO] [MainThread] [system_colors/system_colors.py:59]: System Colors Service started.
2026-09-30 18:17:45,869 [INFO] [Dummy-13] [root/windows_notification.py:161]: Notification service started (WNF_SHEL_NOTIFICATION_TOTAL)
2026-09-30 18:17:45,874 [INFO] [Dummy-11] [root/event_listener.py:147]: Komorebi connected to named pipe: yasb-cbebea86-bcaf-11f1-a92b-0072eeac95f8
2026-09-30 18:17:45,876 [INFO] [MainThread] [root/update_service.py:434]: Background update checker started
2026-09-30 18:17:53,914 [INFO] [MainThread] [root/controller.py:21]: Reloading Application because of config change.
2026-09-30 18:17:54,026 [INFO] [MainThread] [cli_server/cli_server.py:114]: Log pipe server stopped
2026-09-30 18:17:54,042 [INFO] [MainThread] [root/bar_manager.py:93]: Successfully loaded updated config and re-initialised all bars.
2026-09-30 18:17:54,173 [INFO] [MainThread] [root/bar_manager.py:111]: Stopping HotkeyListener...
2026-09-30 18:17:54,173 [INFO] [MainThread] [root/bar_manager.py:119]: Stopping KomorebiEventListener...
2026-09-30 18:17:54,178 [INFO] [MainThread] [root/bar_manager.py:119]: Stopping SystemEventListener...
2026-09-30 18:17:54,178 [INFO] [MainThread] [root/bar_manager.py:119]: Stopping WindowsNotificationEventListener...
2026-09-30 18:17:54,179 [INFO] [Dummy-13] [root/windows_notification.py:97]: Notification service stopped
2026-09-30 18:17:54,237 [INFO] [MainThread] [system_colors/system_colors.py:69]: System Colors Service stopped.
2026-09-30 18:17:54,905 [INFO] [MainThread] [root/log.py:103]: YASB v2.0.7
2026-09-30 18:17:54,906 [INFO] [CLIPipeServer] [cli_server/cli_server.py:216]: CLI server started v1.1.7
2026-09-30 18:17:54,907 [INFO] [MainThread] [cli_server/cli_server.py:106]: Log pipe server started
2026-09-30 18:17:55,503 [INFO] [yasb-audio-visualizer] [root/loopback.py:728]: Audio visualizer: loopback capture open (48000 Hz, 2 ch, 32-bit float)
2026-09-30 18:17:55,559 [INFO] [MainThread] [root/service.py:52]: AudioOutputService starting...
2026-09-30 18:17:55,610 [INFO] [SystrayHook] [systray_hook/systray_hook.py:193]: Injecting into Explorer (PID: 17164)
2026-09-30 18:17:55,792 [INFO] [MainThread] [root/service.py:225]: BrightnessService started with 2 monitors
2026-09-30 18:17:55,818 [INFO] [MainThread] [root/service.py:41]: AudioInputService starting...
2026-09-30 18:17:56,403 [INFO] [MainThread] [root/bar_manager.py:242]: Starting HotkeyListener...
2026-09-30 18:17:56,403 [INFO] [MainThread] [root/bar_manager.py:103]: Starting WindowsNotificationEventListener...
2026-09-30 18:17:56,403 [INFO] [MainThread] [root/bar_manager.py:103]: Starting SystemEventListener...
2026-09-30 18:17:56,404 [INFO] [MainThread] [root/bar_manager.py:103]: Starting KomorebiEventListener...
2026-09-30 18:17:56,408 [INFO] [MainThread] [root/watcher.py:65]: Watching directory: c:\users\lucas\.config\yasb
2026-09-30 18:17:56,408 [INFO] [MainThread] [root/watcher.py:104]: Created file watcher
2026-09-30 18:17:56,429 [INFO] [Dummy-11] [root/event_listener.py:54]: Created named pipe yasb-d29db839-bcaf-11f1-9590-0072eeac95f8
2026-09-30 18:17:56,433 [WARNING] [Dummy-12] [root/hotkeys.py:201]: Failed to register hotkey alt+space - it may be in use by another application.
2026-09-30 18:17:56,442 [INFO] [MainThread] [system_colors/system_colors.py:59]: System Colors Service started.
2026-09-30 18:17:57,115 [INFO] [Dummy-13] [root/windows_notification.py:161]: Notification service started (WNF_SHEL_NOTIFICATION_TOTAL)
2026-09-30 18:17:57,116 [INFO] [Dummy-11] [root/event_listener.py:147]: Komorebi connected to named pipe: yasb-d29db839-bcaf-11f1-9590-0072eeac95f8
2026-09-30 18:17:57,116 [INFO] [MainThread] [root/update_service.py:434]: Background update checker started
2026-09-30 18:19:09,033 [INFO] [MainThread] [root/controller.py:21]: Reloading Application because of config change.
2026-09-30 18:19:09,143 [INFO] [MainThread] [cli_server/cli_server.py:114]: Log pipe server stopped
2026-09-30 18:19:09,159 [INFO] [MainThread] [root/bar_manager.py:93]: Successfully loaded updated config and re-initialised all bars.
2026-09-30 18:19:09,305 [INFO] [MainThread] [root/bar_manager.py:111]: Stopping HotkeyListener...
2026-09-30 18:19:09,305 [INFO] [MainThread] [root/bar_manager.py:119]: Stopping WindowsNotificationEventListener...
2026-09-30 18:19:09,306 [INFO] [Dummy-13] [root/windows_notification.py:97]: Notification service stopped
2026-09-30 18:19:09,308 [INFO] [MainThread] [root/bar_manager.py:119]: Stopping SystemEventListener...
2026-09-30 18:19:09,308 [INFO] [MainThread] [root/bar_manager.py:119]: Stopping KomorebiEventListener...
2026-09-30 18:19:09,362 [INFO] [MainThread] [system_colors/system_colors.py:69]: System Colors Service stopped.
2026-09-30 18:19:09,847 [INFO] [MainThread] [root/log.py:103]: YASB v2.0.7
2026-09-30 18:19:09,847 [INFO] [CLIPipeServer] [cli_server/cli_server.py:216]: CLI server started v1.1.7
2026-09-30 18:19:09,848 [INFO] [MainThread] [cli_server/cli_server.py:106]: Log pipe server started
2026-09-30 18:19:10,377 [INFO] [yasb-audio-visualizer] [root/loopback.py:728]: Audio visualizer: loopback capture open (48000 Hz, 2 ch, 32-bit float)
2026-09-30 18:19:10,470 [INFO] [MainThread] [root/service.py:225]: BrightnessService started with 2 monitors
2026-09-30 18:19:10,491 [INFO] [MainThread] [root/service.py:52]: AudioOutputService starting...
2026-09-30 18:19:10,501 [INFO] [SystrayHook] [systray_hook/systray_hook.py:193]: Injecting into Explorer (PID: 17164)
2026-09-30 18:19:10,605 [INFO] [MainThread] [root/service.py:41]: AudioInputService starting...
2026-09-30 18:19:11,204 [WARNING] [MainThread] [root/widget_builder.py:36]: Ignoring construction of invalid widget 'traffic'
2026-09-30 18:19:11,285 [INFO] [MainThread] [root/bar_manager.py:242]: Starting HotkeyListener...
2026-09-30 18:19:11,285 [INFO] [MainThread] [root/bar_manager.py:103]: Starting KomorebiEventListener...
2026-09-30 18:19:11,285 [INFO] [MainThread] [root/bar_manager.py:103]: Starting WindowsNotificationEventListener...
2026-09-30 18:19:11,286 [INFO] [MainThread] [root/bar_manager.py:103]: Starting SystemEventListener...
2026-09-30 18:19:11,286 [ERROR] [MainThread] [root/widget_builder.py:114]: Failed to validate widget(s) due to invalid options  - traffic
      speed_unit:
      - Input should be 'bits' or 'bytes'
      
2026-09-30 18:19:11,300 [INFO] [Dummy-9] [root/event_listener.py:54]: Created named pipe yasb-ff3faff6-bcaf-11f1-b422-0072eeac95f8
2026-09-30 18:19:11,301 [WARNING] [Dummy-10] [root/hotkeys.py:201]: Failed to register hotkey alt+space - it may be in use by another application.
2026-09-30 18:19:11,328 [INFO] [MainThread] [root/watcher.py:65]: Watching directory: c:\users\lucas\.config\yasb
2026-09-30 18:19:11,328 [INFO] [MainThread] [root/watcher.py:104]: Created file watcher
2026-09-30 18:19:11,338 [INFO] [MainThread] [system_colors/system_colors.py:59]: System Colors Service started.
2026-09-30 18:19:11,878 [INFO] [Dummy-9] [root/event_listener.py:147]: Komorebi connected to named pipe: yasb-ff3faff6-bcaf-11f1-b422-0072eeac95f8
2026-09-30 18:19:11,879 [INFO] [Dummy-11] [root/windows_notification.py:161]: Notification service started (WNF_SHEL_NOTIFICATION_TOTAL)
2026-09-30 18:19:11,882 [INFO] [MainThread] [root/update_service.py:434]: Background update checker started
2026-09-30 18:19:42,637 [INFO] [MainThread] [root/controller.py:21]: Reloading Application because of config change.
2026-09-30 18:19:42,741 [INFO] [MainThread] [cli_server/cli_server.py:114]: Log pipe server stopped
2026-09-30 18:19:42,762 [INFO] [MainThread] [root/bar_manager.py:93]: Successfully loaded updated config and re-initialised all bars.
2026-09-30 18:19:42,888 [INFO] [MainThread] [root/bar_manager.py:111]: Stopping HotkeyListener...
2026-09-30 18:19:42,889 [INFO] [MainThread] [root/bar_manager.py:119]: Stopping KomorebiEventListener...
2026-09-30 18:19:42,951 [INFO] [MainThread] [root/bar_manager.py:119]: Stopping WindowsNotificationEventListener...
2026-09-30 18:19:42,952 [INFO] [Dummy-11] [root/windows_notification.py:97]: Notification service stopped
2026-09-30 18:19:42,955 [INFO] [MainThread] [root/bar_manager.py:119]: Stopping SystemEventListener...
2026-09-30 18:19:43,077 [INFO] [MainThread] [system_colors/system_colors.py:69]: System Colors Service stopped.
2026-09-30 18:19:43,371 [INFO] [MainThread] [root/log.py:103]: YASB v2.0.7
2026-09-30 18:19:43,372 [INFO] [CLIPipeServer] [cli_server/cli_server.py:216]: CLI server started v1.1.7
2026-09-30 18:19:43,372 [INFO] [MainThread] [cli_server/cli_server.py:106]: Log pipe server started
2026-09-30 18:19:43,904 [INFO] [yasb-audio-visualizer] [root/loopback.py:728]: Audio visualizer: loopback capture open (48000 Hz, 2 ch, 32-bit float)
2026-09-30 18:19:43,977 [INFO] [MainThread] [root/service.py:52]: AudioOutputService starting...
2026-09-30 18:19:44,008 [INFO] [SystrayHook] [systray_hook/systray_hook.py:193]: Injecting into Explorer (PID: 17164)
2026-09-30 18:19:44,104 [INFO] [MainThread] [root/service.py:225]: BrightnessService started with 2 monitors
2026-09-30 18:19:44,114 [INFO] [MainThread] [root/service.py:41]: AudioInputService starting...
2026-09-30 18:19:44,577 [INFO] [MainThread] [root/bar_manager.py:242]: Starting HotkeyListener...
2026-09-30 18:19:44,578 [INFO] [MainThread] [root/bar_manager.py:103]: Starting SystemEventListener...
2026-09-30 18:19:44,578 [INFO] [MainThread] [root/bar_manager.py:103]: Starting KomorebiEventListener...
2026-09-30 18:19:44,578 [INFO] [MainThread] [root/bar_manager.py:103]: Starting WindowsNotificationEventListener...
2026-09-30 18:19:44,581 [INFO] [MainThread] [root/watcher.py:65]: Watching directory: c:\users\lucas\.config\yasb
2026-09-30 18:19:44,581 [INFO] [MainThread] [root/watcher.py:104]: Created file watcher
2026-09-30 18:19:44,594 [INFO] [Dummy-12] [root/event_listener.py:54]: Created named pipe yasb-1317c30c-bcb0-11f1-814f-0072eeac95f8
2026-09-30 18:19:44,595 [WARNING] [Dummy-13] [root/hotkeys.py:201]: Failed to register hotkey alt+space - it may be in use by another application.
2026-09-30 18:19:44,602 [INFO] [MainThread] [system_colors/system_colors.py:59]: System Colors Service started.
2026-09-30 18:19:45,230 [INFO] [Dummy-11] [root/windows_notification.py:161]: Notification service started (WNF_SHEL_NOTIFICATION_TOTAL)
2026-09-30 18:19:45,246 [INFO] [MainThread] [root/update_service.py:434]: Background update checker started
2026-09-30 18:19:45,269 [INFO] [Dummy-12] [root/event_listener.py:147]: Komorebi connected to named pipe: yasb-1317c30c-bcb0-11f1-814f-0072eeac95f8
2026-09-30 18:19:50,630 [INFO] [MainThread] [root/controller.py:21]: Reloading Application because of config change.
2026-09-30 18:19:50,740 [INFO] [MainThread] [cli_server/cli_server.py:114]: Log pipe server stopped
2026-09-30 18:19:50,755 [INFO] [MainThread] [root/bar_manager.py:93]: Successfully loaded updated config and re-initialised all bars.
2026-09-30 18:19:50,911 [INFO] [MainThread] [root/bar_manager.py:111]: Stopping HotkeyListener...
2026-09-30 18:19:50,911 [INFO] [MainThread] [root/bar_manager.py:119]: Stopping SystemEventListener...
2026-09-30 18:19:50,912 [INFO] [MainThread] [root/bar_manager.py:119]: Stopping KomorebiEventListener...
2026-09-30 18:19:50,913 [INFO] [MainThread] [root/bar_manager.py:119]: Stopping WindowsNotificationEventListener...
2026-09-30 18:19:50,913 [INFO] [Dummy-11] [root/windows_notification.py:97]: Notification service stopped
2026-09-30 18:19:50,939 [INFO] [MainThread] [system_colors/system_colors.py:69]: System Colors Service stopped.
2026-09-30 18:19:51,398 [INFO] [MainThread] [root/log.py:103]: YASB v2.0.7
2026-09-30 18:19:51,399 [INFO] [CLIPipeServer] [cli_server/cli_server.py:216]: CLI server started v1.1.7
2026-09-30 18:19:51,399 [INFO] [MainThread] [cli_server/cli_server.py:106]: Log pipe server started
2026-09-30 18:19:51,930 [INFO] [yasb-audio-visualizer] [root/loopback.py:728]: Audio visualizer: loopback capture open (48000 Hz, 2 ch, 32-bit float)
2026-09-30 18:19:51,984 [INFO] [MainThread] [root/service.py:225]: BrightnessService started with 2 monitors
2026-09-30 18:19:52,009 [INFO] [MainThread] [root/service.py:52]: AudioOutputService starting...
2026-09-30 18:19:52,046 [INFO] [SystrayHook] [systray_hook/systray_hook.py:193]: Injecting into Explorer (PID: 17164)
2026-09-30 18:19:52,116 [INFO] [MainThread] [root/service.py:41]: AudioInputService starting...
2026-09-30 18:19:52,663 [WARNING] [MainThread] [root/widget_builder.py:36]: Ignoring construction of invalid widget 'traffic'
2026-09-30 18:19:52,725 [INFO] [MainThread] [root/bar_manager.py:242]: Starting HotkeyListener...
2026-09-30 18:19:52,725 [INFO] [MainThread] [root/bar_manager.py:103]: Starting SystemEventListener...
2026-09-30 18:19:52,725 [INFO] [MainThread] [root/bar_manager.py:103]: Starting WindowsNotificationEventListener...
2026-09-30 18:19:52,726 [INFO] [MainThread] [root/bar_manager.py:103]: Starting KomorebiEventListener...
2026-09-30 18:19:52,726 [ERROR] [MainThread] [root/widget_builder.py:114]: Failed to validate widget(s) due to invalid options  - traffic
      speed_unit:
      - Input should be 'bits' or 'bytes'
      
2026-09-30 18:19:52,735 [INFO] [Dummy-9] [root/event_listener.py:54]: Created named pipe yasb-17f2fbb1-bcb0-11f1-8a90-0072eeac95f8
2026-09-30 18:19:52,735 [WARNING] [Dummy-10] [root/hotkeys.py:201]: Failed to register hotkey alt+space - it may be in use by another application.
2026-09-30 18:19:52,807 [INFO] [MainThread] [root/watcher.py:65]: Watching directory: c:\users\lucas\.config\yasb
2026-09-30 18:19:52,807 [INFO] [MainThread] [root/watcher.py:104]: Created file watcher
2026-09-30 18:19:52,809 [INFO] [MainThread] [system_colors/system_colors.py:59]: System Colors Service started.
2026-09-30 18:19:53,334 [INFO] [Dummy-11] [root/windows_notification.py:161]: Notification service started (WNF_SHEL_NOTIFICATION_TOTAL)
2026-09-30 18:19:53,337 [INFO] [Dummy-9] [root/event_listener.py:147]: Komorebi connected to named pipe: yasb-17f2fbb1-bcb0-11f1-8a90-0072eeac95f8
2026-09-30 18:19:53,338 [INFO] [MainThread] [root/update_service.py:434]: Background update checker started
2026-09-30 18:21:09,506 [INFO] [MainThread] [root/controller.py:21]: Reloading Application because of config change.
2026-09-30 18:21:09,612 [INFO] [MainThread] [cli_server/cli_server.py:114]: Log pipe server stopped
2026-09-30 18:21:09,619 [INFO] [MainThread] [root/bar_manager.py:93]: Successfully loaded updated config and re-initialised all bars.
2026-09-30 18:21:09,746 [INFO] [MainThread] [root/bar_manager.py:111]: Stopping HotkeyListener...
2026-09-30 18:21:09,747 [INFO] [MainThread] [root/bar_manager.py:119]: Stopping SystemEventListener...
2026-09-30 18:21:09,748 [INFO] [MainThread] [root/bar_manager.py:119]: Stopping WindowsNotificationEventListener...
2026-09-30 18:21:09,749 [INFO] [Dummy-11] [root/windows_notification.py:97]: Notification service stopped
2026-09-30 18:21:09,750 [INFO] [MainThread] [root/bar_manager.py:119]: Stopping KomorebiEventListener...
2026-09-30 18:21:09,832 [INFO] [MainThread] [system_colors/system_colors.py:69]: System Colors Service stopped.
2026-09-30 18:21:10,297 [INFO] [MainThread] [root/log.py:103]: YASB v2.0.7
2026-09-30 18:21:10,298 [INFO] [CLIPipeServer] [cli_server/cli_server.py:216]: CLI server started v1.1.7
2026-09-30 18:21:10,298 [INFO] [MainThread] [cli_server/cli_server.py:106]: Log pipe server started
2026-09-30 18:21:10,822 [INFO] [yasb-audio-visualizer] [root/loopback.py:728]: Audio visualizer: loopback capture open (48000 Hz, 2 ch, 32-bit float)
2026-09-30 18:21:10,951 [INFO] [SystrayHook] [systray_hook/systray_hook.py:193]: Injecting into Explorer (PID: 17164)
2026-09-30 18:21:10,986 [INFO] [MainThread] [root/service.py:225]: BrightnessService started with 2 monitors
2026-09-30 18:21:10,997 [INFO] [MainThread] [root/service.py:52]: AudioOutputService starting...
2026-09-30 18:21:11,078 [INFO] [MainThread] [root/service.py:41]: AudioInputService starting...
2026-09-30 18:21:11,640 [INFO] [MainThread] [root/bar_manager.py:242]: Starting HotkeyListener...
2026-09-30 18:21:11,641 [INFO] [MainThread] [root/bar_manager.py:103]: Starting SystemEventListener...
2026-09-30 18:21:11,641 [INFO] [MainThread] [root/bar_manager.py:103]: Starting KomorebiEventListener...
2026-09-30 18:21:11,641 [INFO] [MainThread] [root/bar_manager.py:103]: Starting WindowsNotificationEventListener...
2026-09-30 18:21:11,643 [INFO] [MainThread] [root/watcher.py:65]: Watching directory: c:\users\lucas\.config\yasb
2026-09-30 18:21:11,643 [INFO] [MainThread] [root/watcher.py:104]: Created file watcher
2026-09-30 18:21:11,658 [INFO] [Dummy-12] [root/event_listener.py:54]: Created named pipe yasb-46fc7b09-bcb0-11f1-90c7-0072eeac95f8
2026-09-30 18:21:11,658 [WARNING] [Dummy-13] [root/hotkeys.py:201]: Failed to register hotkey alt+space - it may be in use by another application.
2026-09-30 18:21:11,660 [INFO] [MainThread] [system_colors/system_colors.py:59]: System Colors Service started.
2026-09-30 18:21:12,301 [INFO] [Dummy-11] [root/windows_notification.py:161]: Notification service started (WNF_SHEL_NOTIFICATION_TOTAL)
2026-09-30 18:21:12,323 [INFO] [MainThread] [root/update_service.py:434]: Background update checker started
2026-09-30 18:21:12,455 [INFO] [Dummy-12] [root/event_listener.py:147]: Komorebi connected to named pipe: yasb-46fc7b09-bcb0-11f1-90c7-0072eeac95f8
2026-09-30 18:22:44,366 [INFO] [MainThread] [root/controller.py:21]: Reloading Application because of config change.
2026-09-30 18:22:44,468 [INFO] [MainThread] [cli_server/cli_server.py:114]: Log pipe server stopped
2026-09-30 18:22:44,479 [INFO] [MainThread] [root/bar_manager.py:93]: Successfully loaded updated config and re-initialised all bars.
2026-09-30 18:22:44,620 [INFO] [MainThread] [root/bar_manager.py:111]: Stopping HotkeyListener...
2026-09-30 18:22:44,621 [INFO] [MainThread] [root/bar_manager.py:119]: Stopping SystemEventListener...
2026-09-30 18:22:44,622 [INFO] [MainThread] [root/bar_manager.py:119]: Stopping KomorebiEventListener...
2026-09-30 18:22:44,635 [INFO] [MainThread] [root/bar_manager.py:119]: Stopping WindowsNotificationEventListener...
2026-09-30 18:22:44,638 [INFO] [Dummy-11] [root/windows_notification.py:97]: Notification service stopped
2026-09-30 18:22:44,675 [INFO] [MainThread] [system_colors/system_colors.py:69]: System Colors Service stopped.
2026-09-30 18:22:45,167 [INFO] [MainThread] [root/log.py:103]: YASB v2.0.7
2026-09-30 18:22:45,168 [INFO] [CLIPipeServer] [cli_server/cli_server.py:216]: CLI server started v1.1.7
2026-09-30 18:22:45,168 [INFO] [MainThread] [cli_server/cli_server.py:106]: Log pipe server started
2026-09-30 18:22:45,692 [INFO] [yasb-audio-visualizer] [root/loopback.py:728]: Audio visualizer: loopback capture open (48000 Hz, 2 ch, 32-bit float)
2026-09-30 18:22:45,791 [INFO] [SystrayHook] [systray_hook/systray_hook.py:193]: Injecting into Explorer (PID: 17164)
2026-09-30 18:22:45,860 [INFO] [MainThread] [root/service.py:225]: BrightnessService started with 2 monitors
2026-09-30 18:22:45,871 [INFO] [MainThread] [root/service.py:52]: AudioOutputService starting...
2026-09-30 18:22:45,951 [INFO] [MainThread] [root/service.py:41]: AudioInputService starting...
2026-09-30 18:22:46,607 [INFO] [MainThread] [root/bar_manager.py:242]: Starting HotkeyListener...
2026-09-30 18:22:46,608 [INFO] [MainThread] [root/bar_manager.py:103]: Starting KomorebiEventListener...
2026-09-30 18:22:46,609 [INFO] [MainThread] [root/bar_manager.py:103]: Starting WindowsNotificationEventListener...
2026-09-30 18:22:46,609 [INFO] [MainThread] [root/bar_manager.py:103]: Starting SystemEventListener...
2026-09-30 18:22:46,611 [INFO] [MainThread] [root/watcher.py:65]: Watching directory: c:\users\lucas\.config\yasb
2026-09-30 18:22:46,611 [INFO] [MainThread] [root/watcher.py:104]: Created file watcher
2026-09-30 18:22:46,629 [INFO] [Dummy-11] [root/event_listener.py:54]: Created named pipe yasb-7f975a5d-bcb0-11f1-8af2-0072eeac95f8
2026-09-30 18:22:46,629 [WARNING] [Dummy-12] [root/hotkeys.py:201]: Failed to register hotkey alt+space - it may be in use by another application.
2026-09-30 18:22:46,633 [INFO] [MainThread] [system_colors/system_colors.py:59]: System Colors Service started.
2026-09-30 18:22:47,261 [INFO] [Dummy-13] [root/windows_notification.py:161]: Notification service started (WNF_SHEL_NOTIFICATION_TOTAL)
2026-09-30 18:22:47,273 [INFO] [MainThread] [root/update_service.py:434]: Background update checker started
2026-09-30 18:22:47,303 [INFO] [Dummy-11] [root/event_listener.py:147]: Komorebi connected to named pipe: yasb-7f975a5d-bcb0-11f1-8af2-0072eeac95f8
2026-09-30 18:23:25,580 [INFO] [MainThread] [root/controller.py:21]: Reloading Application because of config change.
2026-09-30 18:23:25,690 [INFO] [MainThread] [cli_server/cli_server.py:114]: Log pipe server stopped
2026-09-30 18:23:25,707 [INFO] [MainThread] [root/bar_manager.py:93]: Successfully loaded updated config and re-initialised all bars.
2026-09-30 18:23:25,862 [INFO] [MainThread] [root/bar_manager.py:111]: Stopping HotkeyListener...
2026-09-30 18:23:25,863 [INFO] [MainThread] [root/bar_manager.py:119]: Stopping KomorebiEventListener...
2026-09-30 18:23:25,912 [INFO] [MainThread] [root/bar_manager.py:119]: Stopping WindowsNotificationEventListener...
2026-09-30 18:23:25,912 [INFO] [Dummy-13] [root/windows_notification.py:97]: Notification service stopped
2026-09-30 18:23:25,916 [INFO] [MainThread] [root/bar_manager.py:119]: Stopping SystemEventListener...
2026-09-30 18:23:25,970 [INFO] [MainThread] [system_colors/system_colors.py:69]: System Colors Service stopped.
2026-09-30 18:23:26,399 [INFO] [MainThread] [root/log.py:103]: YASB v2.0.7
2026-09-30 18:23:26,400 [INFO] [CLIPipeServer] [cli_server/cli_server.py:216]: CLI server started v1.1.7
2026-09-30 18:23:26,400 [INFO] [MainThread] [cli_server/cli_server.py:106]: Log pipe server started
2026-09-30 18:23:26,910 [INFO] [yasb-audio-visualizer] [root/loopback.py:728]: Audio visualizer: loopback capture open (48000 Hz, 2 ch, 32-bit float)
2026-09-30 18:23:27,014 [INFO] [SystrayHook] [systray_hook/systray_hook.py:193]: Injecting into Explorer (PID: 17164)
2026-09-30 18:23:27,103 [INFO] [MainThread] [root/service.py:225]: BrightnessService started with 2 monitors
2026-09-30 18:23:27,111 [INFO] [MainThread] [root/service.py:52]: AudioOutputService starting...
2026-09-30 18:23:27,192 [INFO] [MainThread] [root/service.py:41]: AudioInputService starting...
2026-09-30 18:23:27,783 [INFO] [MainThread] [root/bar_manager.py:242]: Starting HotkeyListener...
2026-09-30 18:23:27,783 [INFO] [MainThread] [root/bar_manager.py:103]: Starting WindowsNotificationEventListener...
2026-09-30 18:23:27,784 [INFO] [MainThread] [root/bar_manager.py:103]: Starting KomorebiEventListener...
2026-09-30 18:23:27,784 [INFO] [MainThread] [root/bar_manager.py:103]: Starting SystemEventListener...
2026-09-30 18:23:27,786 [INFO] [MainThread] [root/watcher.py:65]: Watching directory: c:\users\lucas\.config\yasb
2026-09-30 18:23:27,786 [INFO] [MainThread] [root/watcher.py:104]: Created file watcher
2026-09-30 18:23:27,795 [WARNING] [Dummy-11] [root/hotkeys.py:201]: Failed to register hotkey alt+space - it may be in use by another application.
2026-09-30 18:23:27,799 [INFO] [Dummy-12] [root/event_listener.py:54]: Created named pipe yasb-98223c83-bcb0-11f1-8c1f-0072eeac95f8
2026-09-30 18:23:27,807 [INFO] [MainThread] [system_colors/system_colors.py:59]: System Colors Service started.
2026-09-30 18:23:28,382 [INFO] [Dummy-13] [root/windows_notification.py:161]: Notification service started (WNF_SHEL_NOTIFICATION_TOTAL)
2026-09-30 18:23:28,386 [INFO] [MainThread] [root/update_service.py:434]: Background update checker started
2026-09-30 18:23:28,391 [INFO] [Dummy-12] [root/event_listener.py:147]: Komorebi connected to named pipe: yasb-98223c83-bcb0-11f1-8c1f-0072eeac95f8
2026-09-30 18:28:17,100 [INFO] [MainThread] [root/bar_manager.py:97]: Screens updated. Re-initialising all bars.
2026-09-30 18:28:17,100 [INFO] [MainThread] [root/controller.py:21]: Reloading Application because of screen update.
2026-09-30 18:28:17,204 [INFO] [MainThread] [cli_server/cli_server.py:114]: Log pipe server stopped
2026-09-30 18:28:17,327 [INFO] [MainThread] [root/bar.py:162]: Screen geometry changed. Updating position for bar primary-bar on screen LG ULTRAWIDE
2026-09-30 18:28:17,466 [INFO] [MainThread] [root/bar_manager.py:111]: Stopping HotkeyListener...
2026-09-30 18:28:17,466 [INFO] [MainThread] [root/bar_manager.py:119]: Stopping WindowsNotificationEventListener...
2026-09-30 18:28:17,466 [INFO] [Dummy-13] [root/windows_notification.py:97]: Notification service stopped
2026-09-30 18:28:17,468 [INFO] [MainThread] [root/bar_manager.py:119]: Stopping KomorebiEventListener...
2026-09-30 18:28:17,473 [INFO] [MainThread] [root/bar_manager.py:119]: Stopping SystemEventListener...
2026-09-30 18:28:17,587 [INFO] [MainThread] [system_colors/system_colors.py:69]: System Colors Service stopped.
2026-09-30 18:28:18,023 [INFO] [MainThread] [root/log.py:103]: YASB v2.0.7
2026-09-30 18:28:18,047 [INFO] [CLIPipeServer] [cli_server/cli_server.py:216]: CLI server started v1.1.7
2026-09-30 18:28:18,062 [INFO] [MainThread] [cli_server/cli_server.py:106]: Log pipe server started
2026-09-30 18:28:18,801 [INFO] [yasb-audio-visualizer] [root/loopback.py:728]: Audio visualizer: loopback capture open (48000 Hz, 2 ch, 32-bit float)
2026-09-30 18:28:18,916 [INFO] [SystrayHook] [systray_hook/systray_hook.py:193]: Injecting into Explorer (PID: 17164)
2026-09-30 18:28:18,950 [INFO] [MainThread] [root/service.py:225]: BrightnessService started with 1 monitors
2026-09-30 18:28:18,961 [INFO] [MainThread] [root/service.py:52]: AudioOutputService starting...
2026-09-30 18:28:19,052 [INFO] [MainThread] [root/service.py:41]: AudioInputService starting...
2026-09-30 18:28:19,384 [INFO] [MainThread] [root/bar_manager.py:242]: Starting HotkeyListener...
2026-09-30 18:28:19,384 [INFO] [MainThread] [root/bar_manager.py:103]: Starting SystemEventListener...
2026-09-30 18:28:19,384 [INFO] [MainThread] [root/bar_manager.py:103]: Starting KomorebiEventListener...
2026-09-30 18:28:19,385 [INFO] [MainThread] [root/bar_manager.py:103]: Starting WindowsNotificationEventListener...
2026-09-30 18:28:19,385 [WARNING] [Dummy-9] [root/hotkeys.py:201]: Failed to register hotkey alt+space - it may be in use by another application.
2026-09-30 18:28:19,387 [INFO] [MainThread] [root/watcher.py:65]: Watching directory: c:\users\lucas\.config\yasb
2026-09-30 18:28:19,387 [INFO] [MainThread] [root/watcher.py:104]: Created file watcher
2026-09-30 18:28:19,388 [INFO] [Dummy-12] [root/event_listener.py:54]: Created named pipe yasb-45f0f40e-bcb1-11f1-b787-0072eeac95f8
2026-09-30 18:28:19,393 [INFO] [MainThread] [system_colors/system_colors.py:59]: System Colors Service started.
2026-09-30 18:28:19,406 [INFO] [Dummy-13] [root/windows_notification.py:161]: Notification service started (WNF_SHEL_NOTIFICATION_TOTAL)
2026-09-30 18:28:19,407 [INFO] [MainThread] [root/update_service.py:434]: Background update checker started
2026-09-30 18:28:19,495 [INFO] [Dummy-12] [root/event_listener.py:147]: Komorebi connected to named pipe: yasb-45f0f40e-bcb1-11f1-b787-0072eeac95f8
2026-09-30 18:28:51,875 [INFO] [MainThread] [root/bar_manager.py:97]: Screens updated. Re-initialising all bars.
2026-09-30 18:28:51,875 [INFO] [MainThread] [root/controller.py:21]: Reloading Application because of screen update.
2026-09-30 18:28:51,977 [INFO] [MainThread] [cli_server/cli_server.py:114]: Log pipe server stopped
2026-09-30 18:28:52,116 [INFO] [MainThread] [root/bar.py:162]: Screen geometry changed. Updating position for bar primary-bar on screen LG ULTRAWIDE
2026-09-30 18:28:52,155 [INFO] [MainThread] [root/bar_manager.py:111]: Stopping HotkeyListener...
2026-09-30 18:28:52,155 [INFO] [MainThread] [root/bar_manager.py:119]: Stopping SystemEventListener...
2026-09-30 18:28:52,157 [INFO] [MainThread] [root/bar_manager.py:119]: Stopping KomorebiEventListener...
2026-09-30 18:28:52,159 [INFO] [MainThread] [root/bar_manager.py:119]: Stopping WindowsNotificationEventListener...
2026-09-30 18:28:52,159 [INFO] [Dummy-13] [root/windows_notification.py:97]: Notification service stopped
2026-09-30 18:28:52,178 [INFO] [MainThread] [system_colors/system_colors.py:69]: System Colors Service stopped.
2026-09-30 18:28:52,794 [INFO] [MainThread] [root/log.py:103]: YASB v2.0.7
2026-09-30 18:28:52,795 [INFO] [CLIPipeServer] [cli_server/cli_server.py:216]: CLI server started v1.1.7
2026-09-30 18:28:52,795 [INFO] [MainThread] [cli_server/cli_server.py:106]: Log pipe server started
2026-09-30 18:28:53,571 [INFO] [yasb-audio-visualizer] [root/loopback.py:728]: Audio visualizer: loopback capture open (48000 Hz, 2 ch, 32-bit float)
2026-09-30 18:28:53,698 [INFO] [SystrayHook] [systray_hook/systray_hook.py:193]: Injecting into Explorer (PID: 17164)
2026-09-30 18:28:53,754 [INFO] [MainThread] [root/service.py:225]: BrightnessService started with 2 monitors
2026-09-30 18:28:53,770 [INFO] [MainThread] [root/service.py:52]: AudioOutputService starting...
2026-09-30 18:28:53,873 [INFO] [MainThread] [root/service.py:41]: AudioInputService starting...
2026-09-30 18:28:54,579 [INFO] [MainThread] [root/bar_manager.py:242]: Starting HotkeyListener...
2026-09-30 18:28:54,579 [INFO] [MainThread] [root/bar_manager.py:103]: Starting SystemEventListener...
2026-09-30 18:28:54,579 [INFO] [MainThread] [root/bar_manager.py:103]: Starting KomorebiEventListener...
2026-09-30 18:28:54,579 [INFO] [MainThread] [root/bar_manager.py:103]: Starting WindowsNotificationEventListener...
2026-09-30 18:28:54,583 [INFO] [MainThread] [root/watcher.py:65]: Watching directory: c:\users\lucas\.config\yasb
2026-09-30 18:28:54,583 [INFO] [MainThread] [root/watcher.py:104]: Created file watcher
2026-09-30 18:28:54,600 [INFO] [Dummy-12] [root/event_listener.py:54]: Created named pipe yasb-5aeb45ed-bcb1-11f1-8820-0072eeac95f8
2026-09-30 18:28:54,602 [WARNING] [Dummy-13] [root/hotkeys.py:201]: Failed to register hotkey alt+space - it may be in use by another application.
2026-09-30 18:28:54,609 [INFO] [MainThread] [system_colors/system_colors.py:59]: System Colors Service started.
2026-09-30 18:28:54,773 [INFO] [Dummy-11] [root/windows_notification.py:161]: Notification service started (WNF_SHEL_NOTIFICATION_TOTAL)
2026-09-30 18:28:54,788 [INFO] [MainThread] [root/update_service.py:434]: Background update checker started
2026-09-30 18:32:59,354 [INFO] [MainThread] [root/bar_manager.py:97]: Screens updated. Re-initialising all bars.
2026-09-30 18:32:59,354 [INFO] [MainThread] [root/controller.py:21]: Reloading Application because of screen update.
2026-09-30 18:32:59,462 [INFO] [MainThread] [cli_server/cli_server.py:114]: Log pipe server stopped
2026-09-30 18:32:59,526 [INFO] [MainThread] [root/bar.py:162]: Screen geometry changed. Updating position for bar primary-bar on screen LG ULTRAWIDE
2026-09-30 18:32:59,648 [INFO] [MainThread] [root/bar_manager.py:111]: Stopping HotkeyListener...
2026-09-30 18:32:59,649 [INFO] [MainThread] [root/bar_manager.py:119]: Stopping SystemEventListener...
2026-09-30 18:32:59,680 [INFO] [MainThread] [root/bar_manager.py:119]: Stopping KomorebiEventListener...
2026-09-30 18:33:00,079 [INFO] [MainThread] [root/log.py:103]: YASB v2.0.7
2026-09-30 18:33:00,081 [INFO] [CLIPipeServer] [cli_server/cli_server.py:216]: CLI server started v1.1.7
2026-09-30 18:33:00,085 [INFO] [MainThread] [cli_server/cli_server.py:106]: Log pipe server started
2026-09-30 18:33:00,085 [INFO] [MainThread] [root/main.py:53]: Waiting for previous YASB instance to exit...
2026-09-30 18:33:10,114 [ERROR] [MainThread] [root/main.py:46]: Timeout waiting for previous instance. Aborting start.
2026-09-30 18:34:07,599 [INFO] [MainThread] [root/log.py:103]: YASB v2.0.7
2026-09-30 18:34:07,600 [INFO] [CLIPipeServer] [cli_server/cli_server.py:216]: CLI server started v1.1.7
2026-09-30 18:34:07,600 [INFO] [MainThread] [cli_server/cli_server.py:106]: Log pipe server started
2026-09-30 18:34:07,600 [ERROR] [MainThread] [root/main.py:46]: Another instance of the YASB is already running.
2026-09-30 18:36:03,024 [INFO] [MainThread] [root/log.py:103]: YASB v2.0.7
2026-09-30 18:36:03,024 [INFO] [CLIPipeServer] [cli_server/cli_server.py:216]: CLI server started v1.1.7
2026-09-30 18:36:03,024 [INFO] [MainThread] [cli_server/cli_server.py:106]: Log pipe server started
2026-09-30 18:36:03,024 [ERROR] [MainThread] [root/main.py:46]: Another instance of the YASB is already running.
2026-09-30 18:37:07,949 [INFO] [MainThread] [root/log.py:103]: YASB v2.0.7
2026-09-30 18:37:07,949 [INFO] [CLIPipeServer] [cli_server/cli_server.py:216]: CLI server started v1.1.7
2026-09-30 18:37:07,950 [INFO] [MainThread] [cli_server/cli_server.py:106]: Log pipe server started
2026-09-30 18:37:07,950 [ERROR] [MainThread] [root/main.py:46]: Another instance of the YASB is already running.
2026-09-30 18:53:38,139 [INFO] [MainThread] [root/log.py:103]: YASB v2.0.7
2026-09-30 18:53:38,140 [INFO] [CLIPipeServer] [cli_server/cli_server.py:216]: CLI server started v1.1.7
2026-09-30 18:53:38,141 [INFO] [MainThread] [cli_server/cli_server.py:106]: Log pipe server started
2026-09-30 18:53:39,850 [INFO] [yasb-audio-visualizer] [root/loopback.py:728]: Audio visualizer: loopback capture open (48000 Hz, 2 ch, 32-bit float)
2026-09-30 18:53:40,096 [INFO] [SystrayHook] [systray_hook/systray_hook.py:193]: Injecting into Explorer (PID: 10880)
2026-09-30 18:53:40,184 [INFO] [MainThread] [root/service.py:225]: BrightnessService started with 2 monitors
2026-09-30 18:53:40,201 [INFO] [MainThread] [root/service.py:52]: AudioOutputService starting...
2026-09-30 18:53:40,295 [INFO] [MainThread] [root/service.py:41]: AudioInputService starting...
2026-09-30 18:53:41,217 [INFO] [MainThread] [root/bar_manager.py:242]: Starting HotkeyListener...
2026-09-30 18:53:41,217 [INFO] [MainThread] [root/bar_manager.py:103]: Starting KomorebiEventListener...
2026-09-30 18:53:41,218 [INFO] [MainThread] [root/bar_manager.py:103]: Starting SystemEventListener...
2026-09-30 18:53:41,218 [INFO] [MainThread] [root/bar_manager.py:103]: Starting WindowsNotificationEventListener...
2026-09-30 18:53:41,223 [INFO] [MainThread] [root/watcher.py:65]: Watching directory: c:\users\lucas\.config\yasb
2026-09-30 18:53:41,223 [INFO] [MainThread] [root/watcher.py:104]: Created file watcher
2026-09-30 18:53:41,226 [INFO] [Dummy-11] [root/event_listener.py:54]: Created named pipe yasb-d10642ca-bcb4-11f1-bd0c-0072eeac95f8
2026-09-30 18:53:41,238 [INFO] [MainThread] [system_colors/system_colors.py:59]: System Colors Service started.
2026-09-30 18:53:41,812 [INFO] [Dummy-13] [root/windows_notification.py:161]: Notification service started (WNF_SHEL_NOTIFICATION_TOTAL)
2026-09-30 18:53:41,813 [INFO] [Dummy-11] [root/event_listener.py:147]: Komorebi connected to named pipe: yasb-d10642ca-bcb4-11f1-bd0c-0072eeac95f8
2026-09-30 18:53:41,814 [INFO] [MainThread] [root/update_service.py:434]: Background update checker started
2026-09-30 18:55:16,629 [INFO] [MainThread] [root/bar_manager.py:97]: Screens updated. Re-initialising all bars.
2026-09-30 18:55:16,629 [INFO] [MainThread] [root/controller.py:21]: Reloading Application because of screen update.
2026-09-30 18:55:16,743 [INFO] [MainThread] [cli_server/cli_server.py:114]: Log pipe server stopped
2026-09-30 18:55:16,913 [INFO] [MainThread] [root/bar.py:162]: Screen geometry changed. Updating position for bar primary-bar on screen LG ULTRAWIDE
2026-09-30 18:55:17,065 [INFO] [MainThread] [root/bar_manager.py:111]: Stopping HotkeyListener...
2026-09-30 18:55:17,066 [INFO] [MainThread] [root/bar_manager.py:119]: Stopping KomorebiEventListener...
2026-09-30 18:55:17,121 [INFO] [MainThread] [root/bar_manager.py:119]: Stopping SystemEventListener...
2026-09-30 18:55:17,122 [INFO] [MainThread] [root/bar_manager.py:119]: Stopping WindowsNotificationEventListener...
2026-09-30 18:55:17,122 [INFO] [Dummy-13] [root/windows_notification.py:97]: Notification service stopped
2026-09-30 18:55:17,356 [INFO] [MainThread] [root/log.py:103]: YASB v2.0.7
2026-09-30 18:55:17,357 [INFO] [CLIPipeServer] [cli_server/cli_server.py:216]: CLI server started v1.1.7
2026-09-30 18:55:17,357 [INFO] [MainThread] [cli_server/cli_server.py:106]: Log pipe server started
2026-09-30 18:55:17,357 [INFO] [MainThread] [root/main.py:53]: Waiting for previous YASB instance to exit...
2026-09-30 18:55:17,435 [INFO] [MainThread] [system_colors/system_colors.py:69]: System Colors Service stopped.
2026-09-30 18:55:17,860 [INFO] [MainThread] [root/main.py:58]: Previous instance exited, continuing startup.
2026-09-30 18:55:18,949 [INFO] [yasb-audio-visualizer] [root/loopback.py:728]: Audio visualizer: loopback capture open (48000 Hz, 2 ch, 32-bit float)
2026-09-30 18:55:19,066 [INFO] [MainThread] [root/service.py:225]: BrightnessService started with 1 monitors
2026-09-30 18:55:19,076 [INFO] [MainThread] [root/service.py:52]: AudioOutputService starting...
2026-09-30 18:55:19,082 [INFO] [SystrayHook] [systray_hook/systray_hook.py:193]: Injecting into Explorer (PID: 10880)
2026-09-30 18:55:19,178 [INFO] [MainThread] [root/service.py:41]: AudioInputService starting...
2026-09-30 18:55:19,454 [INFO] [MainThread] [root/bar_manager.py:242]: Starting HotkeyListener...
2026-09-30 18:55:19,454 [INFO] [MainThread] [root/bar_manager.py:103]: Starting WindowsNotificationEventListener...
2026-09-30 18:55:19,454 [INFO] [MainThread] [root/bar_manager.py:103]: Starting KomorebiEventListener...
2026-09-30 18:55:19,455 [INFO] [MainThread] [root/bar_manager.py:103]: Starting SystemEventListener...
2026-09-30 18:55:19,457 [INFO] [MainThread] [root/watcher.py:65]: Watching directory: c:\users\lucas\.config\yasb
2026-09-30 18:55:19,457 [INFO] [MainThread] [root/watcher.py:104]: Created file watcher
2026-09-30 18:55:19,457 [INFO] [Dummy-12] [root/event_listener.py:54]: Created named pipe yasb-0b940cb3-bcb5-11f1-8041-0072eeac95f8
2026-09-30 18:55:19,461 [INFO] [MainThread] [system_colors/system_colors.py:59]: System Colors Service started.
2026-09-30 18:55:19,473 [INFO] [Dummy-13] [root/windows_notification.py:161]: Notification service started (WNF_SHEL_NOTIFICATION_TOTAL)
2026-09-30 18:55:19,474 [INFO] [MainThread] [root/update_service.py:434]: Background update checker started
2026-09-30 18:55:19,577 [INFO] [Dummy-12] [root/event_listener.py:147]: Komorebi connected to named pipe: yasb-0b940cb3-bcb5-11f1-8041-0072eeac95f8
2026-09-30 18:56:24,715 [WARNING] [Dummy-12] [root/event_listener.py:95]: Pipe has been ended: (109, 'PeekNamedPipe', 'The pipe has been ended.')
2026-09-30 18:56:24,715 [INFO] [Dummy-12] [root/event_listener.py:107]: Attempting to reconnect to Komorebi...
2026-09-30 18:56:27,720 [INFO] [Dummy-12] [root/event_listener.py:54]: Created named pipe yasb-0b940cb3-bcb5-11f1-8041-0072eeac95f8
2026-09-30 18:56:27,780 [WARNING] [Dummy-12] [root/event_listener.py:134]: Komorebi failed to subscribe named pipe. Komorebi is not running, please start Komorebi.
2026-09-30 18:56:37,993 [INFO] [Dummy-12] [root/event_listener.py:147]: Komorebi connected to named pipe: yasb-0b940cb3-bcb5-11f1-8041-0072eeac95f8
2026-09-30 18:57:00,183 [WARNING] [Dummy-12] [root/event_listener.py:95]: Pipe has been ended: (109, 'PeekNamedPipe', 'The pipe has been ended.')
2026-09-30 18:57:00,183 [INFO] [Dummy-12] [root/event_listener.py:107]: Attempting to reconnect to Komorebi...
2026-09-30 18:57:03,197 [INFO] [Dummy-12] [root/event_listener.py:54]: Created named pipe yasb-0b940cb3-bcb5-11f1-8041-0072eeac95f8
2026-09-30 18:57:03,284 [INFO] [Dummy-12] [root/event_listener.py:147]: Komorebi connected to named pipe: yasb-0b940cb3-bcb5-11f1-8041-0072eeac95f8
2026-09-30 19:03:58,112 [INFO] [MainThread] [root/bar_manager.py:111]: Stopping HotkeyListener...
2026-09-30 19:03:58,117 [INFO] [MainThread] [root/bar_manager.py:119]: Stopping WindowsNotificationEventListener...
2026-09-30 19:03:58,118 [INFO] [Dummy-13] [root/windows_notification.py:97]: Notification service stopped
2026-09-30 19:03:58,121 [INFO] [MainThread] [root/bar_manager.py:119]: Stopping KomorebiEventListener...
2026-09-30 19:03:58,123 [INFO] [MainThread] [root/bar_manager.py:119]: Stopping SystemEventListener...
2026-09-30 19:03:58,165 [INFO] [MainThread] [system_colors/system_colors.py:69]: System Colors Service stopped.
2026-09-30 19:46:38,312 [INFO] [MainThread] [root/log.py:103]: YASB v2.0.7
2026-09-30 19:46:38,313 [INFO] [CLIPipeServer] [cli_server/cli_server.py:216]: CLI server started v1.1.7
2026-09-30 19:46:38,313 [INFO] [MainThread] [cli_server/cli_server.py:106]: Log pipe server started
2026-09-30 19:46:40,204 [INFO] [yasb-audio-visualizer] [root/loopback.py:728]: Audio visualizer: loopback capture open (48000 Hz, 2 ch, 32-bit float)
2026-09-30 19:46:40,323 [INFO] [SystrayHook] [systray_hook/systray_hook.py:193]: Injecting into Explorer (PID: 10840)
2026-09-30 19:46:40,421 [INFO] [MainThread] [root/service.py:225]: BrightnessService started with 1 monitors
2026-09-30 19:46:40,439 [INFO] [MainThread] [root/service.py:52]: AudioOutputService starting...
2026-09-30 19:46:40,589 [INFO] [MainThread] [root/service.py:41]: AudioInputService starting...
2026-09-30 19:46:41,364 [INFO] [MainThread] [root/bar_manager.py:242]: Starting HotkeyListener...
2026-09-30 19:46:41,364 [INFO] [MainThread] [root/bar_manager.py:103]: Starting SystemEventListener...
2026-09-30 19:46:41,365 [INFO] [MainThread] [root/bar_manager.py:103]: Starting WindowsNotificationEventListener...
2026-09-30 19:46:41,365 [INFO] [MainThread] [root/bar_manager.py:103]: Starting KomorebiEventListener...
2026-09-30 19:46:41,368 [INFO] [MainThread] [root/watcher.py:65]: Watching directory: c:\users\lucas\.config\yasb
2026-09-30 19:46:41,368 [INFO] [MainThread] [root/watcher.py:104]: Created file watcher
2026-09-30 19:46:41,369 [INFO] [Dummy-12] [root/event_listener.py:54]: Created named pipe yasb-388a5beb-bcbc-11f1-b98d-0072eeac95f8
2026-09-30 19:46:41,376 [INFO] [MainThread] [system_colors/system_colors.py:59]: System Colors Service started.
2026-09-30 19:46:41,905 [WARNING] [Dummy-12] [root/event_listener.py:134]: Komorebi failed to subscribe named pipe. Komorebi is not running, please start Komorebi.
2026-09-30 19:46:41,907 [INFO] [MainThread] [root/update_service.py:434]: Background update checker started
2026-09-30 19:46:41,909 [INFO] [Dummy-13] [root/windows_notification.py:161]: Notification service started (WNF_SHEL_NOTIFICATION_TOTAL)
2026-09-30 19:50:43,262 [INFO] [Dummy-12] [root/event_listener.py:147]: Komorebi connected to named pipe: yasb-388a5beb-bcbc-11f1-b98d-0072eeac95f8
2026-09-30 20:30:28,043 [WARNING] [Dummy-12] [root/event_listener.py:95]: Pipe has been ended: (109, 'PeekNamedPipe', 'The pipe has been ended.')
2026-09-30 20:30:28,044 [INFO] [Dummy-12] [root/event_listener.py:107]: Attempting to reconnect to Komorebi...
2026-09-30 20:30:31,062 [INFO] [Dummy-12] [root/event_listener.py:54]: Created named pipe yasb-388a5beb-bcbc-11f1-b98d-0072eeac95f8
2026-09-30 20:30:31,243 [WARNING] [Dummy-12] [root/event_listener.py:134]: Komorebi failed to subscribe named pipe. Komorebi is not running, please start Komorebi.
2026-09-30 20:31:32,763 [INFO] [Dummy-12] [root/event_listener.py:147]: Komorebi connected to named pipe: yasb-388a5beb-bcbc-11f1-b98d-0072eeac95f8
2026-09-30 20:33:02,876 [INFO] [MainThread] [root/service.py:223]: Quick Launch rebuilding app list after install/uninstall detected
2026-09-30 20:43:20,163 [INFO] [MainThread] [root/service.py:223]: Quick Launch rebuilding app list after install/uninstall detected
2026-09-30 20:51:58,793 [INFO] [MainThread] [root/service.py:223]: Quick Launch rebuilding app list after install/uninstall detected
2026-09-30 21:04:17,394 [INFO] [MainThread] [root/controller.py:43]: Exiting Application from tray...
2026-09-30 21:04:17,505 [INFO] [MainThread] [cli_server/cli_server.py:114]: Log pipe server stopped
2026-09-30 21:04:17,714 [INFO] [MainThread] [root/bar_manager.py:111]: Stopping HotkeyListener...
2026-09-30 21:04:17,715 [INFO] [MainThread] [root/bar_manager.py:119]: Stopping SystemEventListener...
2026-09-30 21:04:17,719 [INFO] [MainThread] [root/bar_manager.py:119]: Stopping WindowsNotificationEventListener...
2026-09-30 21:04:17,720 [INFO] [Dummy-13] [root/windows_notification.py:97]: Notification service stopped
2026-09-30 21:04:17,727 [INFO] [MainThread] [root/bar_manager.py:119]: Stopping KomorebiEventListener...
2026-09-30 21:04:17,965 [INFO] [MainThread] [system_colors/system_colors.py:69]: System Colors Service stopped.
2026-09-30 21:04:43,322 [INFO] [MainThread] [root/log.py:103]: YASB v2.0.7
2026-09-30 21:04:43,323 [INFO] [CLIPipeServer] [cli_server/cli_server.py:216]: CLI server started v1.1.7
2026-09-30 21:04:43,323 [INFO] [MainThread] [cli_server/cli_server.py:106]: Log pipe server started
2026-09-30 21:04:43,842 [INFO] [MainThread] [root/service.py:225]: BrightnessService started with 1 monitors
2026-09-30 21:04:43,853 [INFO] [MainThread] [root/service.py:52]: AudioOutputService starting...
2026-09-30 21:04:43,854 [INFO] [yasb-audio-visualizer] [root/loopback.py:728]: Audio visualizer: loopback capture open (48000 Hz, 2 ch, 32-bit float)
2026-09-30 21:04:43,884 [INFO] [SystrayHook] [systray_hook/systray_hook.py:193]: Injecting into Explorer (PID: 10840)
2026-09-30 21:04:43,949 [INFO] [MainThread] [root/service.py:41]: AudioInputService starting...
2026-09-30 21:04:44,266 [INFO] [MainThread] [root/bar_manager.py:242]: Starting HotkeyListener...
2026-09-30 21:04:44,267 [INFO] [MainThread] [root/bar_manager.py:103]: Starting KomorebiEventListener...
2026-09-30 21:04:44,267 [INFO] [MainThread] [root/bar_manager.py:103]: Starting SystemEventListener...
2026-09-30 21:04:44,267 [INFO] [MainThread] [root/bar_manager.py:103]: Starting WindowsNotificationEventListener...
2026-09-30 21:04:44,269 [INFO] [Dummy-11] [root/event_listener.py:54]: Created named pipe yasb-1fc4707e-bcc7-11f1-bb25-0072eeac95f8
2026-09-30 21:04:44,269 [INFO] [MainThread] [root/watcher.py:65]: Watching directory: c:\users\lucas\.config\yasb
2026-09-30 21:04:44,270 [INFO] [MainThread] [root/watcher.py:104]: Created file watcher
2026-09-30 21:04:44,274 [INFO] [MainThread] [system_colors/system_colors.py:59]: System Colors Service started.
2026-09-30 21:04:44,788 [INFO] [MainThread] [root/update_service.py:434]: Background update checker started
2026-09-30 21:04:44,790 [INFO] [Dummy-13] [root/windows_notification.py:161]: Notification service started (WNF_SHEL_NOTIFICATION_TOTAL)
2026-09-30 21:04:44,790 [INFO] [Dummy-11] [root/event_listener.py:147]: Komorebi connected to named pipe: yasb-1fc4707e-bcc7-11f1-bb25-0072eeac95f8
2026-09-30 21:04:55,252 [INFO] [MainThread] [root/utils.py:463]: YASB added to startup
2026-09-30 21:06:59,921 [INFO] [MainThread] [root/bar_manager.py:111]: Stopping HotkeyListener...
2026-09-30 21:06:59,924 [INFO] [MainThread] [root/bar_manager.py:119]: Stopping KomorebiEventListener...
2026-09-30 21:06:59,938 [INFO] [MainThread] [root/bar_manager.py:119]: Stopping SystemEventListener...
2026-09-30 21:06:59,955 [INFO] [MainThread] [root/bar_manager.py:119]: Stopping WindowsNotificationEventListener...
2026-09-30 21:06:59,955 [INFO] [Dummy-13] [root/windows_notification.py:97]: Notification service stopped
2026-09-30 21:07:00,232 [INFO] [MainThread] [system_colors/system_colors.py:69]: System Colors Service stopped.
2026-09-30 21:08:07,095 [INFO] [MainThread] [root/log.py:103]: YASB v2.0.7
2026-09-30 21:08:07,097 [INFO] [CLIPipeServer] [cli_server/cli_server.py:216]: CLI server started v1.1.7
2026-09-30 21:08:07,097 [INFO] [MainThread] [cli_server/cli_server.py:106]: Log pipe server started
2026-09-30 21:08:08,566 [INFO] [yasb-audio-visualizer] [root/loopback.py:728]: Audio visualizer: loopback capture open (48000 Hz, 2 ch, 32-bit float)
2026-09-30 21:08:08,666 [INFO] [SystrayHook] [systray_hook/systray_hook.py:193]: Injecting into Explorer (PID: 11640)
2026-09-30 21:08:08,710 [INFO] [MainThread] [root/service.py:225]: BrightnessService started with 1 monitors
2026-09-30 21:08:08,717 [INFO] [MainThread] [root/service.py:52]: AudioOutputService starting...
2026-09-30 21:08:08,795 [INFO] [MainThread] [root/service.py:41]: AudioInputService starting...
2026-09-30 21:08:09,444 [INFO] [MainThread] [root/bar_manager.py:242]: Starting HotkeyListener...
2026-09-30 21:08:09,444 [INFO] [MainThread] [root/bar_manager.py:103]: Starting KomorebiEventListener...
2026-09-30 21:08:09,445 [INFO] [MainThread] [root/bar_manager.py:103]: Starting SystemEventListener...
2026-09-30 21:08:09,445 [WARNING] [Dummy-9] [root/hotkeys.py:201]: Failed to register hotkey alt+space - it may be in use by another application.
2026-09-30 21:08:09,445 [INFO] [Dummy-10] [root/event_listener.py:54]: Created named pipe yasb-9a100130-bcc7-11f1-98fe-0072eeac95f8
2026-09-30 21:08:09,445 [INFO] [MainThread] [root/bar_manager.py:103]: Starting WindowsNotificationEventListener...
2026-09-30 21:08:09,449 [INFO] [MainThread] [root/watcher.py:65]: Watching directory: c:\users\lucas\.config\yasb
2026-09-30 21:08:09,449 [INFO] [MainThread] [root/watcher.py:104]: Created file watcher
2026-09-30 21:08:09,453 [INFO] [MainThread] [system_colors/system_colors.py:59]: System Colors Service started.
2026-09-30 21:08:09,973 [INFO] [Dummy-13] [root/windows_notification.py:161]: Notification service started (WNF_SHEL_NOTIFICATION_TOTAL)
2026-09-30 21:08:09,978 [WARNING] [Dummy-10] [root/event_listener.py:134]: Komorebi failed to subscribe named pipe. Komorebi is not running, please start Komorebi.
2026-09-30 21:08:09,978 [INFO] [MainThread] [root/update_service.py:434]: Background update checker started
2026-09-30 21:08:20,170 [INFO] [Dummy-10] [root/event_listener.py:147]: Komorebi connected to named pipe: yasb-9a100130-bcc7-11f1-98fe-0072eeac95f8
2026-09-30 21:08:25,376 [INFO] [MainThread] [root/log.py:103]: YASB v2.0.7
2026-09-30 21:08:25,377 [INFO] [CLIPipeServer] [cli_server/cli_server.py:216]: CLI server started v1.1.7
2026-09-30 21:08:25,377 [INFO] [MainThread] [cli_server/cli_server.py:106]: Log pipe server started
2026-09-30 21:08:25,377 [ERROR] [MainThread] [root/main.py:46]: Another instance of the YASB is already running.
2026-09-30 23:07:35,981 [INFO] [MainThread] [root/service.py:223]: Quick Launch rebuilding app list after install/uninstall detected
2026-09-30 23:37:19,516 [INFO] [MainThread] [root/bar_manager.py:111]: Stopping HotkeyListener...
2026-09-30 23:37:19,518 [INFO] [MainThread] [root/bar_manager.py:119]: Stopping KomorebiEventListener...
2026-09-30 23:37:19,528 [INFO] [MainThread] [root/bar_manager.py:119]: Stopping SystemEventListener...
2026-09-30 23:37:19,576 [INFO] [MainThread] [root/bar_manager.py:119]: Stopping WindowsNotificationEventListener...
2026-09-30 23:37:19,577 [INFO] [Dummy-13] [root/windows_notification.py:97]: Notification service stopped
2026-09-30 23:37:19,837 [INFO] [MainThread] [system_colors/system_colors.py:69]: System Colors Service stopped.
2026-10-01 12:15:14,882 [INFO] [MainThread] [root/log.py:103]: YASB v2.0.7
2026-10-01 12:15:14,883 [INFO] [CLIPipeServer] [cli_server/cli_server.py:216]: CLI server started v1.1.7
2026-10-01 12:15:14,884 [INFO] [MainThread] [cli_server/cli_server.py:106]: Log pipe server started
2026-10-01 12:15:17,627 [INFO] [yasb-audio-visualizer] [root/loopback.py:728]: Audio visualizer: loopback capture open (48000 Hz, 2 ch, 32-bit float)
2026-10-01 12:15:17,994 [INFO] [SystrayHook] [systray_hook/systray_hook.py:193]: Injecting into Explorer (PID: 21440)
2026-10-01 12:15:18,122 [INFO] [MainThread] [root/service.py:225]: BrightnessService started with 1 monitors
2026-10-01 12:15:18,672 [INFO] [MainThread] [root/service.py:52]: AudioOutputService starting...
2026-10-01 12:15:18,921 [INFO] [MainThread] [root/service.py:41]: AudioInputService starting...
2026-10-01 12:15:20,000 [INFO] [MainThread] [root/bar_manager.py:242]: Starting HotkeyListener...
2026-10-01 12:15:20,000 [INFO] [MainThread] [root/bar_manager.py:103]: Starting SystemEventListener...
2026-10-01 12:15:20,001 [INFO] [MainThread] [root/bar_manager.py:103]: Starting KomorebiEventListener...
2026-10-01 12:15:20,002 [INFO] [MainThread] [root/bar_manager.py:103]: Starting WindowsNotificationEventListener...
2026-10-01 12:15:20,002 [INFO] [Dummy-10] [root/event_listener.py:54]: Created named pipe yasb-5533cff4-bd46-11f1-a94c-0072eeac95f8
2026-10-01 12:15:20,006 [INFO] [MainThread] [root/watcher.py:65]: Watching directory: c:\users\lucas\.config\yasb
2026-10-01 12:15:20,006 [INFO] [MainThread] [root/watcher.py:104]: Created file watcher
2026-10-01 12:15:20,011 [INFO] [MainThread] [system_colors/system_colors.py:59]: System Colors Service started.
2026-10-01 12:15:20,021 [INFO] [Dummy-11] [root/windows_notification.py:161]: Notification service started (WNF_SHEL_NOTIFICATION_TOTAL)
2026-10-01 12:15:20,024 [INFO] [MainThread] [root/update_service.py:434]: Background update checker started
2026-10-01 12:15:20,113 [WARNING] [Dummy-10] [root/event_listener.py:134]: Komorebi failed to subscribe named pipe. Komorebi is not running, please start Komorebi.
2026-10-01 12:15:45,416 [INFO] [Dummy-10] [root/event_listener.py:147]: Komorebi connected to named pipe: yasb-5533cff4-bd46-11f1-a94c-0072eeac95f8
2026-10-01 12:15:51,696 [INFO] [MainThread] [root/log.py:103]: YASB v2.0.7
2026-10-01 12:15:51,696 [INFO] [CLIPipeServer] [cli_server/cli_server.py:216]: CLI server started v1.1.7
2026-10-01 12:15:51,696 [INFO] [MainThread] [cli_server/cli_server.py:106]: Log pipe server started
2026-10-01 12:15:51,697 [ERROR] [MainThread] [root/main.py:46]: Another instance of the YASB is already running.
2026-10-01 12:16:04,850 [INFO] [MainThread] [root/service.py:223]: Quick Launch rebuilding app list after install/uninstall detected
2026-10-01 12:42:44,814 [INFO] [MainThread] [root/service.py:223]: Quick Launch rebuilding app list after install/uninstall detected
2026-10-01 12:48:36,871 [INFO] [MainThread] [root/service.py:223]: Quick Launch rebuilding app list after install/uninstall detected
2026-10-01 12:49:58,950 [INFO] [MainThread] [root/service.py:223]: Quick Launch rebuilding app list after install/uninstall detected
2026-10-01 13:08:45,126 [INFO] [yasb-audio-visualizer] [root/loopback.py:728]: Audio visualizer: loopback capture open (48000 Hz, 2 ch, 32-bit float)
2026-10-01 13:28:11,123 [INFO] [yasb-audio-visualizer] [root/loopback.py:728]: Audio visualizer: loopback capture open (48000 Hz, 2 ch, 32-bit float)
2026-10-01 13:28:16,346 [INFO] [MainThread] [root/service.py:223]: Quick Launch rebuilding app list after install/uninstall detected
2026-10-01 14:08:36,840 [INFO] [yasb-audio-visualizer] [root/loopback.py:728]: Audio visualizer: loopback capture open (48000 Hz, 2 ch, 32-bit float)
2026-10-01 14:18:34,289 [INFO] [yasb-audio-visualizer] [root/loopback.py:728]: Audio visualizer: loopback capture open (48000 Hz, 2 ch, 32-bit float)
2026-10-01 14:18:38,471 [INFO] [MainThread] [root/service.py:223]: Quick Launch rebuilding app list after install/uninstall detected
2026-10-01 14:21:02,913 [INFO] [MainThread] [root/service.py:223]: Quick Launch rebuilding app list after install/uninstall detected
2026-10-01 14:29:02,476 [INFO] [MainThread] [root/service.py:223]: Quick Launch rebuilding app list after install/uninstall detected
2026-10-01 14:39:11,032 [INFO] [MainThread] [root/service.py:223]: Quick Launch rebuilding app list after install/uninstall detected
2026-10-01 15:09:59,394 [INFO] [MainThread] [root/service.py:223]: Quick Launch rebuilding app list after install/uninstall detected
